// Jest Snapshot v1, https://goo.gl/fbAQLP

exports[`(Container) SetTokenAllowanceTrust should render 1`] = `
<div
  hidden={true}
>
  <OasisAccordion
    heading={
      <FlexBox
        alignContent="stretch"
        alignItems="baseline"
        className=""
        justifyContent="space-between"
        vertical={false}
        wrap={false}
      >
        <div>
          Enable
           
          <b>
            W-ETH
          </b>
           for trading
        </div>
        <div />
        <div
          hidden={undefined}
        >
          <OasisButton
            btnType="button"
            color="success"
            onClick={[Function]}
            size="md"
          >
            Loading
          </OasisButton>
        </div>
      </FlexBox>
    }
    infoBoxSize="md"
    isOpen={true}
  >
    <FlexBox
      alignContent="stretch"
      alignItems="center"
      className=""
      hidden={false}
      justifyContent="normal"
      vertical={false}
      wrap={false}
    >
      <OasisIcon
        icon="idle"
        size="md"
      />
      <div>
        You need first grant access to withdraw from your personal account. To disable 
        W-ETH
         trading use Allowance widget on the funds page.
      </div>
    </FlexBox>
  </OasisAccordion>
</div>
`;

exports[`(Container) SetTokenAllowanceTrust will receive right actions 1`] = `
Object {
  "actions": Object {
    "getDefaultAccountTokenAllowanceForAddress": [Function],
    "setTokenAllowanceTrustStatus": [Function],
  },
}
`;

exports[`(Container) SetTokenAllowanceTrust will receive right props 1`] = `
Object {
  "contractsLoaded": true,
  "latestBlockNumber": 6716998,
  "subjectTrustStatus": null,
}
`;
