// Jest Snapshot v1, https://goo.gl/fbAQLP

exports[`(Container) TokenTransferForm should render 1`] = `
<form
  method="POST"
  onChange={[Function]}
>
  <table>
    <tbody>
      <tr>
        <th>
          Recipient
        </th>
        <td
          colSpan="2"
        >
          <Connect(EthereumAddressInputField)
            fieldName="recipient"
          />
        </td>
      </tr>
      <tr>
        <th>
          Amount
        </th>
        <td>
          <div>
            <OasisButton
              btnType="button"
              color="default"
              hidden={true}
              onClick={[Function]}
              size="xs"
              type="button"
            >
              transfer max
            </OasisButton>
            <div
              onBlur={[Function]}
              onFocus={[Function]}
            >
              <Connect(TokenAmountInputField)
                fieldName="tokenAmount"
              />
            </div>
            <Field
              component="input"
              disabled={true}
              hidden={true}
              name="token"
              type="text"
            />
          </div>
        </td>
        <td>
          MKR
        </td>
      </tr>
    </tbody>
  </table>
  <div
    className="undefined "
  >
    <OasisButton
      btnType="button"
      color="default"
      disabled={true}
      size="md"
      type="submit"
    >
      Transfer
    </OasisButton>
  </div>
</form>
`;

exports[`(Container) TokenTransferForm will receive right actions 1`] = `
Object {
  "actions": Object {
    "transferMax": [Function],
  },
}
`;

exports[`(Container) TokenTransferForm will receive right props 1`] = `
Object {
  "globalFormLock": undefined,
  "selectedToken": "MKR",
}
`;
