// Jest Snapshot v1, https://goo.gl/fbAQLP

exports[`(Component) EthereumAddressInput should render 1`] = `
<input
  placeholder="0x"
  style={
    Object {
      "textAlign": "right",
    }
  }
  type="text"
/>
`;
