// Jest Snapshot v1, https://goo.gl/fbAQLP

exports[`(Component) OasisStatus should render 1`] = `
<div
  className="OasisStatus"
/>
`;
