// Jest Snapshot v1, https://goo.gl/fbAQLP

exports[`(Component) OasisDontWrapAllEther should render 1`] = `
<InfoBox
  className=""
  color="danger"
  justifyContent="normal"
  vertical={false}
>
  <InfoBoxBody
    className=""
    color="default"
    vertical={false}
  >
    Do not wrap all of your ETH! Otherwise you cannot pay for transactions.
  </InfoBoxBody>
</InfoBox>
`;
