// Jest Snapshot v1, https://goo.gl/fbAQLP

exports[`(Component) OasisCardContent should render 1`] = `
<div>
  <h2 />
  <div
    className="OasisCardContent"
  >
    <span>
      test
    </span>
  </div>
</div>
`;
