// Jest Snapshot v1, https://goo.gl/fbAQLP

exports[`(Component) OasisTransferHistory should render 1`] = `<div />`;
