// Jest Snapshot v1, https://goo.gl/fbAQLP

exports[`(Component) OasisBuyMaker should render 1`] = `
<div
  className="OasisBuyMaker"
>
  OasisBuyMaker
</div>
`;
