// Jest Snapshot v1, https://goo.gl/fbAQLP

exports[`(Component) OasisWrapUnwrapBalances should render 1`] = `<div />`;
