// Jest Snapshot v1, https://goo.gl/fbAQLP

exports[`(Component) OasisChartDepth should render 1`] = `
<p>
  TODO
</p>
`;
