// Jest Snapshot v1, https://goo.gl/fbAQLP

exports[`(Component) OasisMarket should render 1`] = `
<div
  className="OasisMarket"
/>
`;
