// Jest Snapshot v1, https://goo.gl/fbAQLP

exports[`(Component) OasisInsufficientAmountOfToken should render 1`] = `
<InfoBox
  className=""
  color="danger"
  size="md"
>
  You do not have enough 
  <strong>
    W-ETH
  </strong>
   tokens.
</InfoBox>
`;
