// Jest Snapshot v1, https://goo.gl/fbAQLP

exports[`(Component) OasisChart should render 1`] = `
<OasisWidgetFrame
  className=""
  heading="Charts"
  headingChildren={
    <OasisSelect
      className={undefined}
      onChange={[Function]}
      size="md"
      value="PRICE"
    >
      <option>
        PRICE
      </option>
      <option>
        VOLUME
      </option>
      <option>
        DEPTH
      </option>
    </OasisSelect>
  }
>
  <div>
    <Connect(OasisChartPrice)
      tradingPair={
        Object {
          "baseToken": "MKR",
          "quoteToken": "DAI",
        }
      }
    />
  </div>
</OasisWidgetFrame>
`;
