// Jest Snapshot v1, https://goo.gl/fbAQLP

exports[`(Component) OasisMyOrders should render 1`] = `
<div
  className="OasisMyOrders"
>
  OasisMyOrders
</div>
`;
