// Jest Snapshot v1, https://goo.gl/fbAQLP

exports[`(Component) OasisExpirationDate should render 1`] = `
<div
  className="OasisExpirationDate"
>
  OasisExpirationDate
</div>
`;
