// Jest Snapshot v1, https://goo.gl/fbAQLP

exports[`(Component) OasisProcessingOrder should render 1`] = `
<InfoBox
  alignItems="baseline"
  className=""
  color="default"
  justifyContent="space-between"
  size="md"
>
  <strong />
  <Connect(OasisTransactionStatus) />
</InfoBox>
`;
