// Jest Snapshot v1, https://goo.gl/fbAQLP

exports[`(Component) OasisWrapUnwrapWrap should render 1`] = `
<OasisWidgetFrame
  heading="Wrap"
  spaceForContent={true}
>
  <OasisTokenBalance
    summary="Wallet"
  >
    <Connect(OasisTokenBalance)
      decimalPlaces={5}
    />
  </OasisTokenBalance>
  <Connect(ReduxForm)
    onSubmit={[Function]}
  />
  <WrapUnwrapStatus
    type="wrap"
  />
</OasisWidgetFrame>
`;
