// Jest Snapshot v1, https://goo.gl/fbAQLP

exports[`(Component) OasisMessage should render 1`] = `
<div
  className="OasisMessage"
/>
`;
